[33m❯[39m Building...
[32m✔[39m Building...
[1mInitial chunk files[22m[2m | [22m[1mNames[22m        [2m | [22m [1mRaw size[22m[2m | [22m[1mEstimated transfer size[22m
[32mmain-YA5RC2YP.js[39m   [2m | [22m[2mmain[22m         [2m | [22m[36m537.52 kB[39m[2m | [22m              [36m117.66 kB[39m
[32mstyles-MVRLJ5PQ.css[39m[2m | [22m[2mstyles[22m       [2m | [22m [36m75.68 kB[39m[2m | [22m               [36m17.10 kB[39m

[1m [22m                  [2m | [22m[1mInitial total[22m[2m | [22m[1m[93m613.20 kB[39m[22m[2m | [22m              [1m134.76 kB[22m

Application bundle generation failed. [4.094 seconds] - 2026-01-14T20:20:44.621Z

[1m[33m[33m▲ [43;33m[[43;30mWARNING[43;33m][0m [1mNG8113: DataTableComponent is not used within the template of Billing[0m [1m[35m[plugin angular-compiler][0m

    src/app/pages/billing/billing.ts:28:60:
[37m      28 │ ..., PageHeaderComponent, [32mDataTableComponent[37m, ModalComponent, Stat...
         ╵                           [32m~~~~~~~~~~~~~~~~~~[0m


[33m▲ [43;33m[[43;30mWARNING[43;33m][0m [1mNG8107: The left side of this optional chain operation does not include 'null' or 'undefined' in its type, therefore the '?.' operator can be replaced with the '.' operator.[0m [1m[35m[plugin angular-compiler][0m

    src/app/pages/offers/offers.html:149:70:
[37m      149 │ ...lass="tag" *ngFor="let sid of cond.parameters?.[32mserviceIds[37m || []">
          ╵                                                   [32m~~~~~~~~~~[0m

  Warning occurs in the template of component Offers.

    src/app/pages/offers/offers.ts:12:15:
[37m      12 │   templateUrl: [32m'./offers.html'[37m,
         ╵                [32m~~~~~~~~~~~~~~~[0m


[33m▲ [43;33m[[43;30mWARNING[43;33m][0m [1mNG8107: The left side of this optional chain operation does not include 'null' or 'undefined' in its type, therefore the '?.' operator can be replaced with the '.' operator.[0m [1m[35m[plugin angular-compiler][0m

    src/app/pages/patients/patients.html:32:40:
[37m      32 │ ...{ selectedPatient.firstName?.[32mcharAt[37m(0) }}{{ selectedPatient.las...
         ╵                                 [32m~~~~~~[0m

  Warning occurs in the template of component Patients.

    src/app/pages/patients/patients.ts:14:15:
[37m      14 │   templateUrl: [32m'./patients.html'[37m,
         ╵                [32m~~~~~~~~~~~~~~~~~[0m


[33m▲ [43;33m[[43;30mWARNING[43;33m][0m [1mNG8107: The left side of this optional chain operation does not include 'null' or 'undefined' in its type, therefore the '?.' operator can be replaced with the '.' operator.[0m [1m[35m[plugin angular-compiler][0m

    src/app/pages/patients/patients.html:32:81:
[37m      32 │ ...t.firstName?.charAt(0) }}{{ selectedPatient.lastName?.[32mcharAt[37m(0) }}
         ╵                                                          [32m~~~~~~[0m

  Warning occurs in the template of component Patients.

    src/app/pages/patients/patients.ts:14:15:
[37m      14 │   templateUrl: [32m'./patients.html'[37m,
         ╵                [32m~~~~~~~~~~~~~~~~~[0m


[33m▲ [43;33m[[43;30mWARNING[43;33m][0m [1mNG8107: The left side of this optional chain operation does not include 'null' or 'undefined' in its type, therefore the '?.' operator can be replaced with the '.' operator.[0m [1m[35m[plugin angular-compiler][0m

    src/app/pages/sessions/sessions.html:32:40:
[37m      32 │ ...{ session.patient.firstName?.[32mcharAt[37m(0) }}{{ session.patient.las...
         ╵                                 [32m~~~~~~[0m

  Warning occurs in the template of component Sessions.

    src/app/pages/sessions/sessions.ts:25:15:
[37m      25 │   templateUrl: [32m'./sessions.html'[37m,
         ╵                [32m~~~~~~~~~~~~~~~~~[0m


[33m▲ [43;33m[[43;30mWARNING[43;33m][0m [1mNG8107: The left side of this optional chain operation does not include 'null' or 'undefined' in its type, therefore the '?.' operator can be replaced with the '.' operator.[0m [1m[35m[plugin angular-compiler][0m

    src/app/pages/sessions/sessions.html:32:81:
[37m      32 │ ...t.firstName?.charAt(0) }}{{ session.patient.lastName?.[32mcharAt[37m(0) }}
         ╵                                                          [32m~~~~~~[0m

  Warning occurs in the template of component Sessions.

    src/app/pages/sessions/sessions.ts:25:15:
[37m      25 │   templateUrl: [32m'./sessions.html'[37m,
         ╵                [32m~~~~~~~~~~~~~~~~~[0m


[33m▲ [43;33m[[43;30mWARNING[43;33m][0m [1mbundle initial exceeded maximum budget. Budget 500.00 kB was not met by 113.20 kB with a total of 613.20 kB.[0m


[33m▲ [43;33m[[43;30mWARNING[43;33m][0m [1msrc/app/pages/services/services.scss exceeded maximum budget. Budget 4.00 kB was not met by 1.86 kB with a total of 5.86 kB.[0m


[33m▲ [43;33m[[43;30mWARNING[43;33m][0m [1msrc/app/pages/dashboard/dashboard.scss exceeded maximum budget. Budget 4.00 kB was not met by 1.05 kB with a total of 5.05 kB.[0m


[33m▲ [43;33m[[43;30mWARNING[43;33m][0m [1msrc/app/pages/billing/billing.scss exceeded maximum budget. Budget 4.00 kB was not met by 5.50 kB with a total of 9.51 kB.[0m


[33m▲ [43;33m[[43;30mWARNING[43;33m][0m [1msrc/app/pages/patients/patients.scss exceeded maximum budget. Budget 4.00 kB was not met by 1.60 kB with a total of 5.60 kB.[0m


[33m▲ [43;33m[[43;30mWARNING[43;33m][0m [1msrc/app/pages/offers/offers.scss exceeded maximum budget. Budget 4.00 kB was not met by 1.68 kB with a total of 5.67 kB.[0m


[33m▲ [43;33m[[43;30mWARNING[43;33m][0m [1msrc/app/pages/appointments/appointments.scss exceeded maximum budget. Budget 4.00 kB was not met by 4.41 kB with a total of 8.41 kB.[0m

[39m[22m
[1m[31m[31mX [41;31m[[41;97mERROR[41;31m][0m [1msrc/app/pages/billing/billing.scss exceeded maximum budget. Budget 8.00 kB was not met by 1.50 kB with a total of 9.51 kB.[0m


[31mX [41;31m[[41;97mERROR[41;31m][0m [1msrc/app/pages/appointments/appointments.scss exceeded maximum budget. Budget 8.00 kB was not met by 407 bytes with a total of 8.41 kB.[0m

[39m[22m
