
[1m[46m RUN [49m[22m [36mv4.0.17 [39m[90mD:/Clinic[39m

 [31mΓ¥»[39m src/app/pages/sessions/sessions.spec.ts [2m([22m[2m6 tests[22m[2m | [22m[31m1 failed[39m[2m)[22m[32m 124[2mms[22m[39m
     [32mΓ£ô[39m loads data and builds active sessions[32m 44[2mms[22m[39m
     [32mΓ£ô[39m starts session from checked-in appointment[32m 17[2mms[22m[39m
     [32mΓ£ô[39m calculates billing for pulse based service[32m 5[2mms[22m[39m
     [32mΓ£ô[39m calculates billing for fixed service[32m 3[2mms[22m[39m
     [32mΓ£ô[39m opens end session modal and initializes state[32m 6[2mms[22m[39m
[31m     [31m├ù[31m confirms end session[39m[32m 37[2mms[22m[39m
node.exe : 
At line:1 char:1
+ & "C:\Program Files\nodejs/node.exe" 
"C:\Program Files\nodejs/node_mo ...
+ ~~~~~~~~~~~~~~~~~~~~~~~~~~~~~~~~~~~~~
~~~~~~~~~~~~~~~~~~~~~~~~~~~~~~~~
    + CategoryInfo          : NotSpeci 
   fied: (:String) [], RemoteExceptio  
  n
    + FullyQualifiedErrorId : NativeCo 
   mmandError
 
[31mΓÄ»ΓÄ»ΓÄ»ΓÄ»ΓÄ»ΓÄ»ΓÄ»[39m[1m[41
m Failed Tests 1 [49m[22m[31mΓÄ»ΓÄ»Γ
Ä»ΓÄ»ΓÄ»ΓÄ»ΓÄ»[39m

[41m[1m FAIL [22m[49m src/app/pages
/sessions/sessions.spec.ts[2m > 
[22mSessions Component[2m > 
[22mconfirms end session
[31m[1mTypeError[22m: Cannot read 
properties of undefined (reading 
'some')[39m
[36m [2mΓ¥»[22m 
Sessions.isLaserSession src/app/pages/s
essions/sessions.ts:[2m648:42[22m[39
m
    [90m646| [39m    [35mif[39m ([
33m![39m[35mthis[39m[33m.[39mselec
tedSession) [35mreturn[39m 
[35mfalse[39m[33m;[39m
    [90m647| [39m    [90m// Check 
if any service in the session requires 
a laser device[39m
    [90m648| [39m    
[35mreturn[39m [35mthis[39m[33m.[
39mselectedSession[33m.[39mservices[
33m.[39m[34msome[39m(svc 
[33m=>[39m {
    [90m   | [39m                    
                     [31m^[39m
    [90m649| [39m      const device 
= this.devices.find(d => 
svc.requiredDevices?.incluΓÇª
    [90m650| [39m      return 
device?.counterType === 'pulse'; // 
Laser devices typicalΓÇª
[90m [2mΓ¥»[22m 
Sessions.hasInvalidLaserSettings src/ap
p/pages/sessions/sessions.ts:[2m604:15
[22m[39m
[90m [2mΓ¥»[22m 
Sessions.confirmEndSession src/app/page
s/sessions/sessions.ts:[2m737:14[22m
[39m
[90m [2mΓ¥»[22m src/app/pages/sessio
ns/sessions.spec.ts:[2m180:15[22m[39
m
[90m [2mΓ¥»[22m new 
ZoneAwarePromise node_modules/zone.js/f
esm2015/zone.js:[2m2221:23[22m[39m

[31m[2mΓÄ»ΓÄ»ΓÄ»ΓÄ»ΓÄ»ΓÄ»ΓÄ»ΓÄ»ΓÄ»ΓÄ»
ΓÄ»ΓÄ»ΓÄ»ΓÄ»ΓÄ»ΓÄ»ΓÄ»ΓÄ»ΓÄ»ΓÄ»ΓÄ»ΓÄ»ΓÄ»
ΓÄ»[1/1]ΓÄ»[22m[39m


[2m Test Files [22m [1m[31m1 failed[39m[22m[90m (1)[39m
[2m      Tests [22m [1m[31m1 failed[39m[22m[2m | [22m[1m[32m5 passed[39m[22m[90m (6)[39m
[2m   Start at [22m 14:58:28
[2m   Duration [22m 5.14s[2m (transform 879ms, setup 0ms, import 3.86s, tests 124ms, environment 0ms)[22m

